// Jest Snapshot v1, https://goo.gl/fbAQLP

exports[`Navigation test case should render correctly with the default destination 1`] = `
<div>
  <a
    aria-label="navigate-item"
    class="chakra-link css-1yn71kc"
    href="/"
  >
    Mock navigation
  </a>
</div>
`;
