// Jest Snapshot v1, https://goo.gl/fbAQLP

exports[`ActionIdCell component matches snapshot 1`] = `
<div>
  <table
    class="chakra-table css-0"
  >
    <td
      class="css-hn5zwp"
    >
      <div
        class="css-1h2sv0j"
      >
        <p
          class="chakra-text css-1xgfe2i"
        >
          660a85d9d6eb03502e197ac5
        </p>
      </div>
    </td>
  </table>
</div>
`;

exports[`ActionIdCell component should match with snapshot 1`] = `
<div>
  <table
    class="chakra-table css-0"
  >
    <td
      class="css-hn5zwp"
    >
      <div
        class="css-1h2sv0j"
      >
        <p
          class="chakra-text css-1xgfe2i"
        >
          660a85d9d6eb03502e197ac5
        </p>
      </div>
    </td>
  </table>
</div>
`;
