// Jest Snapshot v1, https://goo.gl/fbAQLP

exports[`QuantityCell component should match with snapshot 1`] = `
<div>
  <table
    class="chakra-table css-0"
  >
    <td
      class="css-6o06y7"
    >
      <p
        class="chakra-text css-13lljhc"
      >
        10
      </p>
    </td>
  </table>
</div>
`;
