// Jest Snapshot v1, https://goo.gl/fbAQLP

exports[`Loading render Should render match with snapshot. 1`] = `
<div>
  <div
    class="chakra-spinner css-1f8r8ah"
  >
    <span
      class="css-8b45rq"
    >
      Loading...
    </span>
  </div>
  <span
    hidden=""
    id="__chakra_env"
  />
</div>
`;
