// Jest Snapshot v1, https://goo.gl/fbAQLP

exports[`Settings render Should render match with snapshot. 1`] = `
<div>
  <h1>
    1
  </h1>
  <span
    hidden=""
    id="__chakra_env"
  />
</div>
`;
