// Jest Snapshot v1, https://goo.gl/fbAQLP

exports[`HeadCell Match to snapshot 1`] = `
<div>
  <table
    class="chakra-table css-0"
  >
    <th
      class="css-bsiblf"
    />
  </table>
</div>
`;
