// Jest Snapshot v1, https://goo.gl/fbAQLP

exports[`TotalCard component renders correctly 1`] = `
<div>
  <table
    class="chakra-table css-0"
  >
    <tr
      class="css-0"
    >
      <td
        class="css-mzqydp"
      >
        <div
          class="css-1h2sv0j"
        >
          <img
            alt="Image of test"
            class="chakra-image css-1rqxmuh"
            src="url"
          />
          <div
            class="css-1rr4qq7"
          >
            <h4
              class="chakra-text css-197ngd6"
            >
              test
            </h4>
            <p
              class="chakra-text css-vxhtcb"
            >
              <span
                class="chakra-text css-1rgac5r"
              />
            </p>
          </div>
        </div>
      </td>
    </tr>
  </table>
</div>
`;
