// Jest Snapshot v1, https://goo.gl/fbAQLP

exports[`GalleryCell component should match with snapshot 1`] = `
<div>
  <table
    class="chakra-table css-0"
  >
    <td
      class="css-oe3t8o"
    >
      <div
        class="css-s2putz"
      >
        <div
          class="css-sdavkg"
        >
          <img
            alt="Image of Shoe"
            data-nimg="fill"
            decoding="async"
            loading="lazy"
            src="/icons/signup.svg"
            style="position: absolute; height: 100%; width: 100%; left: 0px; top: 0px; right: 0px; bottom: 0px; object-fit: cover; color: transparent; border-radius: 15px; background-size: cover; background-position: 50% 50%; background-repeat: no-repeat;"
          />
        </div>
      </div>
    </td>
  </table>
</div>
`;
