// Jest Snapshot v1, https://goo.gl/fbAQLP

exports[`ActionIdCell component should match with snapshot 1`] = `
<div>
  <table
    class="chakra-table css-0"
  >
    <td
      class="css-hn5zwp"
    >
      <div
        class="css-1h2sv0j"
      >
        <p
          class="chakra-text css-1st2om9"
        >
          Login
        </p>
      </div>
    </td>
  </table>
</div>
`;

exports[`ActionNameCell component should match with snapshot 1`] = `
<div>
  <table
    class="chakra-table css-0"
  >
    <td
      class="css-hn5zwp"
    >
      <div
        class="css-1h2sv0j"
      >
        <p
          class="chakra-text css-1st2om9"
        >
          Login
        </p>
      </div>
    </td>
  </table>
</div>
`;
