// Jest Snapshot v1, https://goo.gl/fbAQLP

exports[`MiniSidebar test case should render correctly 1`] = `<div />`;
