// Jest Snapshot v1, https://goo.gl/fbAQLP

exports[`RevenueFlow component matches snapshot 1`] = `
<div>
  <div
    class="css-p120lk"
  >
    <div
      class="css-1spmqp"
    >
      <h3
        class="chakra-heading css-0"
      >
        Revenue Flow
      </h3>
      <div
        class="css-vd6ngq"
      >
        <div
          class="css-r2hvuq"
        >
          <div
            class="css-gp7d97"
          />
          <p
            class="chakra-text css-0"
          >
            Pending
          </p>
        </div>
        <div
          class="css-r2hvuq"
        >
          <div
            class="css-iffjed"
          />
          <p
            class="chakra-text css-0"
          >
            Signed
          </p>
        </div>
        <div
          class="css-r2hvuq"
        >
          <div
            class="css-843j3o"
          />
          <p
            class="chakra-text css-0"
          >
            Lost
          </p>
        </div>
      </div>
      <div
        class="css-mowkxe"
      >
        <button
          aria-controls="menu-list-:r1:"
          aria-expanded="false"
          aria-haspopup="menu"
          class="chakra-button chakra-menu__menu-button css-1n3vrsk"
          id="menu-button-:r1:"
          type="button"
        >
          <span
            class="css-xl71ch"
          >
            <span
              class="chakra-text css-2wf856"
            >
              Jan - Dec
            </span>
          </span>
        </button>
        <div
          class="css-0"
          style="visibility: hidden; position: absolute; inset: 0 auto auto 0;"
        >
          <div
            aria-orientation="vertical"
            class="chakra-menu__menu-list css-149xq91"
            id="menu-list-:r1:"
            role="menu"
            style="transform-origin: var(--popper-transform-origin); opacity: 0; visibility: hidden; transform: scale(0.8) translateZ(0);"
            tabindex="-1"
          >
            <button
              class="chakra-menu__menuitem css-1jeunnm"
              data-index="0"
              id="menu-list-:r1:-menuitem-:r2:"
              role="menuitem"
              tabindex="-1"
              type="button"
            >
              <p
                class="chakra-text css-1198d6z"
              >
                Jan - Dec
              </p>
            </button>
            <button
              class="chakra-menu__menuitem css-1jeunnm"
              data-index="1"
              id="menu-list-:r1:-menuitem-:r3:"
              role="menuitem"
              tabindex="-1"
              type="button"
            >
              <p
                class="chakra-text css-1198d6z"
              >
                Jan - Jun
              </p>
            </button>
            <button
              class="chakra-menu__menuitem css-1jeunnm"
              data-index="2"
              id="menu-list-:r1:-menuitem-:r4:"
              role="menuitem"
              tabindex="-1"
              type="button"
            >
              <p
                class="chakra-text css-1198d6z"
              >
                July - Dec
              </p>
            </button>
          </div>
        </div>
      </div>
    </div>
    <div
      class="chakra-skeleton css-1e4rjc1"
    />
  </div>
</div>
`;
